// Vitest Snapshot v1, https://vitest.dev/guide/snapshot.html

exports[`test three 1`] = `
{
  "alns": [
    {
      "id": "Test1seq",
      "seq": "-----------------------------------------------------------------AGTTACAATAACTGACGAAGCTAAGTAGGCTACTAATTAACGTCATCAACCTAATACATAGCACTTAGAAAAAAGTGAAGTAAGAAAATATAAAATAATAAAAGGGTGGGTTATCAATTGATAGTGTAAATCATCGTATTCCGGTGATATACCCTACCACAAAAACTCAAACCGACTTGATTCAAATCATCTCAATAAATTAGCGCCAAAATAATGAAAAAAATAATAACAAACAAAAACAAACCAAAATAAGAAAAAACATTACGCAAAACATAATAATTTACTCTTCGTTATTGTATTAACAAATCAAAGAGCTGAATTTTGATCACCTGCTAATACTACTTTCTGTATTGATCCTATATCAACGTAAACAAAGATACTAATAATTAACTAAAAGTACGTTCATCGATCGTGTTCGTTGACGAAGAAGAGCTCTATCTCCGGCGGAGCAAAGAAAACGATCTGTCTCCGTCGTAACACACGGTCGCTAGAGAAACTTTGCTTCTTCGGCGCCGGTGGACACGTCAGCATCTCCGGTATCCTAGACTTCTTGGCTTTCGGGGTACAACAACCGCGTGGTGACGTCAGCACCGCTGCTGGGGATGGAGAGGGAACAGAGTT-",
    },
    {
      "id": "AT3G20900.1-SEQ",
      "seq": "ATGAACAAAGTAGCGAGGAAGAACAAAACATCAGGTGAACAAAAAAAAAACTCAATCCACATCAAAGTTACAATAACTGACGAAGCTAAGTAGGCTAGAAATTAAAGTCATCAACCTAATACATAGCACTTAGAAAAAAGTGAAGCAAGAAAATATAAAATAATAAAAGGGTGGGTTATCAATTGATAGTGTAAATCATAGTTGATTTTTGATATACCCTACCACAAAAACTCAAACCGACTTGATTCAAATCATCTCAAAAAACAAGCGCCAAAATAATGAAAAAAATAATAACAAAAACAAACAAACCAAAATAAGAAAAAACATTACGCAAAACATAATAATTTACTCTTCGTTATTGTATTAACAAATCAAAGAGATGAATTTTGATCACCTGCTAATACTACTTTCTGTATTGATCCTATATCAAAAAAAAAAAAGATACTAATAATTAACTAAAAGTACGTTCATCGATCGTGTGCGTTGACGAAGAAGAGCTCTATCTCCGGCGGAGCAAAGAAAACGATCTGTCTCCGTCGTAACACACAGTTTTTCGAGACCCTTTGCTTCTTCGGCGCCGGTGGACACGTCAGCATCTCCGGTATCCTAGACTTCTTGGCTTTCGGGGTACAACAACCGCCTGGTGACGTCAGCACCGCTGCTGGGGATGGAGAGGGAACAGAGTAG",
    },
    {
      "id": "AT3G20900.1-CDS",
      "seq": "------------------------------------------------------------------------------------------------------------------------------------------------------------------------------------------------------------------------------------------------------------------------------------------------------------------------------------------------------------------------------------------------------------------------------------------------------------------------------------------ATGAACAAAGTAGCGAGGAAGAACAAAACATC------AGCAAAGAAAACGATCTGTCTCCGTCGTAACACACAGTTTTTCGAGACCCTTTGCTTCTTCGGCGCCGGTGGACACGTCAGCATCTCCGGTATCCTAGACTTCTTGGCTTTCGGGGTACAACAACCGCCTGGTGACGTCAGCACCGCTGCTGGGGATGGAGAGGGAACAGAGTAG",
    },
  ],
  "consensus": "                                                                                                                                                                                                                                                                                                                                                                                                                                                                                            *       *  *** ***** *   *  **      *********************************** **   * ****  ******************************************************************************* ********************************************  ",
  "header": {
    "info": "CLUSTAL 2.0.9 multiple sequence alignment",
    "version": "2.0.9",
  },
}
`;
